(1712345678.000000) can0 0CFE6CEE#17D6489EEF1B79D4
(1712345678.000400) can0 18FEF100#04FE72B4E841454C
(1712345678.000800) can0 0CF00400#DA7A08894D571808
(1712345678.001200) can0 1CFEB000#3F73A287FBDF9ABD
(1712345678.001600) can0 18EBFF00#DDEE2CBE5C063318
(1712345678.002000) can0 0CF00300#209C50D56E2A5973
(1712345678.002400) can0 18EBFF00#F8279E417D0E779B
(1712345678.002800) can0 0CFE6CEE#AE9566345FEBB453
(1712345678.003200) can0 18FEEE00#DAA0BC8CDA58E1D5
(1712345678.003600) can0 18EBFF00#B17F9755AE2554FD
(1712345678.004000) can0 18FEEE00#80EBE45667FD1627
(1712345678.004400) can0 0CF00300#7AD7D351DD9450A3
(1712345678.004800) can0 18FEF200#34C4E913F791C502
(1712345678.005200) can0 18ECFF00#514A3F9A98A45389
(1712345678.005600) can0 0CF00400#DBD6D27A046B6FAD
(1712345678.006000) can0 0CF00400#F89194582A4DF441
(1712345678.006400) can0 18FEEE00#013BB6653F260871
(1712345678.006800) can0 0CF00400#A8B85A7DEEA41D0D
(1712345678.007200) can0 0CF00300#24A267023AA2F325
(1712345678.007600) can0 0CF00300#1504D297B2F5F33D
(1712345678.008000) can0 18FF0102#6BDBBD03EC1EB665
(1712345678.008400) can0 18FEEE00#D469882A4F3F7165
(1712345678.008800) can0 18FF0102#398A82D70BFDCA22
(1712345678.009200) can0 18FEF200#DC949E1494B32306
(1712345678.009600) can0 18FEF200#8F7E15E501AAADDD
(1712345678.010000) can0 18FEF100#C47A7156419395AD
(1712345678.010400) can0 18FEEE00#85A4BFD9E8A06400
(1712345678.010800) can0 18FEEE00#926E049B60813920
(1712345678.011200) can0 0CF00400#E1CCD01E7814074C
(1712345678.011600) can0 0CF00300#C4F514D8F3C4BD8E
(1712345678.012000) can0 0CF00400#98C543118A1F72F4
(1712345678.012400) can0 1CFEB000#F2C602838716E29F
(1712345678.012800) can0 0CF00300#A2816F12C1E69F5A
(1712345678.013200) can0 1CFEB000#3DA9C5947AFDBC7C
(1712345678.013600) can0 18FF0102#3AD385D7362F34D8
(1712345678.014000) can0 0CFE6CEE#15F5EE87A02BDAD6
(1712345678.014400) can0 0CF00300#4F81B8C2BF6DAC63
(1712345678.014800) can0 0CF00300#BC206B2DD052561E
(1712345678.015200) can0 0CF00400#331534D8738CA3B1
(1712345678.015600) can0 18FEF200#752B38E7B5C63D84
(1712345678.016000) can0 18FEF200#97B24A8374E6C98E
(1712345678.016400) can0 0CFE6CEE#A77499BEF00BFD8B
(1712345678.016800) can0 0CF00400#0394AC48D99FB95A
(1712345678.017200) can0 0CF00300#671B1510BB17D930
(1712345678.017600) can0 18ECFF00#B89B4F30CCD7B926
(1712345678.018000) can0 0CF00300#5459273DD1DB1793
(1712345678.018400) can0 18ECFF00#7EA7080A43F61750
(1712345678.018800) can0 0CFE6CEE#4C9B3205DB949975
(1712345678.019200) can0 18FF0102#3A941E6A0E37ED38
(1712345678.019600) can0 0CF00400#EEBE1FA3FB234DD7
(1712345678.020000) can0 18ECFF00#D3EF220345CF409F
(1712345678.020400) can0 18FEEE00#81A9EC8EB380F820
(1712345678.020800) can0 18ECFF00#0BDC1C80AD490C22
(1712345678.021200) can0 18FEEE00#DFE96861FE1F3BC6
(1712345678.021600) can0 18EBFF00#53D12DBD639D19D1
(1712345678.022000) can0 18FEF200#960206B4AB776F86
(1712345678.022400) can0 0CF00300#F1214230D05309B5
(1712345678.022800) can0 0CFE6CEE#DA05C0FCD561BF92
(1712345678.023200) can0 0CF00400#8ACC66A3819A3064
(1712345678.023600) can0 18FF0102#1C6975818B152FA2
(1712345678.024000) can0 18FF0102#1F57CA0898ED7D80
(1712345678.024400) can0 18FEF200#F9EE4E4FEE5B6E73
(1712345678.024800) can0 18FEF200#9C22CBA68598B769
(1712345678.025200) can0 18FEEE00#1FA31706E65FBEBE
(1712345678.025600) can0 0CF00400#ACA2D9093FA422A6
(1712345678.026000) can0 0CF00300#63BEAE19BFB47B23
(1712345678.026400) can0 0CF00400#E741ABC4B5912EE0
(1712345678.026800) can0 18FEF200#F9078E6DA771E13E
(1712345678.027200) can0 0CF00300#F5CCB2E265DAAB3D
(1712345678.027600) can0 18FEEE00#6C80D42E1B176688
(1712345678.028000) can0 0CF00300#F5AAB730FDCB582E
(1712345678.028400) can0 18ECFF00#613D0DAB5562BCA7
(1712345678.028800) can0 18FEF200#79779234A986D111
(1712345678.029200) can0 1CFEB000#1A24FC86F3F04C6F
(1712345678.029600) can0 18FEF100#79F40E739F000487
(1712345678.030000) can0 18ECFF00#E284709E9C2C6B5B
(1712345678.030400) can0 18FEEE00#0DFB21D7E72D2278
(1712345678.030800) can0 0CF00300#0010319490CC285B
(1712345678.031200) can0 18ECFF00#A825C8DE0FFCD880
(1712345678.031600) can0 18ECFF00#C0BE8170E30B8A00
(1712345678.032000) can0 1CFEB000#9180A0EF053CB868
(1712345678.032400) can0 18FEF100#45BF600709A236E5
(1712345678.032800) can0 18FEF100#A044745B4181EA79
(1712345678.033200) can0 0CF00300#19AF09C38F18D9DA
(1712345678.033600) can0 18FEF100#28A648E6662F53BF
(1712345678.034000) can0 18FEF200#1F9AB858B4B1834D
(1712345678.034400) can0 0CFE6CEE#66863F61EE6CC93F
(1712345678.034800) can0 1CFEB000#7B56EA6C37CB9B2B
(1712345678.035200) can0 0CFE6CEE#A1B6A7B1A453DA75
(1712345678.035600) can0 18FEF200#62483C134297AD16
(1712345678.036000) can0 18FEEE00#4694B857F9B5B4D3
(1712345678.036400) can0 18FEEE00#FAAECCC8B5C70F50
(1712345678.036800) can0 18FEF100#8A63715881CB49FD
(1712345678.037200) can0 0CF00400#A9F77118AEED503C
(1712345678.037600) can0 18FF0102#4DB0A343A7232C8B
(1712345678.038000) can0 0CF00400#C057FDB5FC73042F
(1712345678.038400) can0 0CF00300#43CB3FDA90EB39CE
(1712345678.038800) can0 18FF0102#9982253315A2ABF3
(1712345678.039200) can0 18FEF100#62E3478EB93B920E
(1712345678.039600) can0 18EBFF00#41289FFFEF842AE5
(1712345678.040000) can0 0CF00400#8B52BA5CA9076BA8
(1712345678.040400) can0 0CFE6CEE#1AF2C09AAF80FE9C
(1712345678.040800) can0 18FEF100#02F5AC149F0E357E
(1712345678.041200) can0 0CF00300#78E6C8D9E37008CB
(1712345678.041600) can0 0CF00400#0433E65BAE85B415
(1712345678.042000) can0 1CFEB000#2AA78BF1D4A764FB
(1712345678.042400) can0 18EBFF00#078B582DA1486B79
(1712345678.042800) can0 18FEEE00#4D78AF583C4B1070
(1712345678.043200) can0 18EBFF00#4223FA88B03B4FD2
(1712345678.043600) can0 18ECFF00#1BCABA8C3E7FE46B
(1712345678.044000) can0 1CFEB000#1FEDEBF3D7B15B57
(1712345678.044400) can0 18FEF200#B2A45994C0FDB49F
(1712345678.044800) can0 18FEF200#6CC18D9FA2AE22AD
(1712345678.045200) can0 18FF0102#D3E6784E67D5208D
(1712345678.045600) can0 18EBFF00#A348AF76CF5950AE
(1712345678.046000) can0 1CFEB000#81936BD62026776E
(1712345678.046400) can0 0CF00300#31FC57015A5C7747
(1712345678.046800) can0 18EBFF00#A5F79337D9A16B45
(1712345678.047200) can0 0CF00300#E1D388C110B8835A
(1712345678.047600) can0 0CF00400#D9A0A6B4AB605528
(1712345678.048000) can0 18FEEE00#2D0AB7423839C773
(1712345678.048400) can0 18FEEE00#826273CDEC02D3C7
(1712345678.048800) can0 18FF0102#4996F53590179780
(1712345678.049200) can0 18EBFF00#B97B20C953219D2E
(1712345678.049600) can0 18EBFF00#88A1492D4451F97D
(1712345678.050000) can0 0CFE6CEE#E462C3D78A6D3926
(1712345678.050400) can0 0CF00300#989F05F394BCAC18
(1712345678.050800) can0 1CFEB000#EC962056D2B52AA3
(1712345678.051200) can0 1CFEB000#6453D1BCD6EE54E4
(1712345678.051600) can0 0CFE6CEE#66BA75ADEAC45504
(1712345678.052000) can0 0CF00400#EAB18D0C53CEF10D
(1712345678.052400) can0 18FEF200#F8508FFA5C403C78
(1712345678.052800) can0 0CF00300#BE6D787EE66815B0
(1712345678.053200) can0 18FEF200#56A50C9046FCD1AE
(1712345678.053600) can0 18FEF200#7EAAF0EA1860B87E
(1712345678.054000) can0 18FEF100#7342ECDBCC967B4B
(1712345678.054400) can0 18EBFF00#D7EE7E10D9783E53
(1712345678.054800) can0 0CFE6CEE#A9906A9BA702CD61
(1712345678.055200) can0 18FEEE00#1C9903A08095EA83
(1712345678.055600) can0 0CF00300#71AAC5DB6B1F6963
(1712345678.056000) can0 18FEF100#79F9D3B3DCF94D69
(1712345678.056400) can0 18EBFF00#E8017E5C322044B7
(1712345678.056800) can0 18EBFF00#C1894B66E70A1096
(1712345678.057200) can0 18FEF100#053397DFD0144B03
(1712345678.057600) can0 0CF00400#82120E3004F2350B
(1712345678.058000) can0 18ECFF00#7DC244BA37FD54FE
(1712345678.058400) can0 18FF0102#F4E3F665DFDC7CFE
(1712345678.058800) can0 18ECFF00#DADB7BED805F1E1F
(1712345678.059200) can0 1CFEB000#37A1E26F17550BC7
(1712345678.059600) can0 18FEF200#7D9300689114C52E
(1712345678.060000) can0 18FF0102#ECE318FA09B546B6
(1712345678.060400) can0 18FEF200#38BD5208FC1A59E2
(1712345678.060800) can0 18FEEE00#7ACB01A0E7402072
(1712345678.061200) can0 18FEEE00#060C6964433B0FBB
(1712345678.061600) can0 18FF0102#8527B074B53EA034
(1712345678.062000) can0 18FEEE00#246C7E4ED9102CB1
(1712345678.062400) can0 0CF00400#6653B089A4ABF4E6
(1712345678.062800) can0 18FEF200#C02A5A9218F6FA20
(1712345678.063200) can0 0CFE6CEE#52AC13017C1CBC34
(1712345678.063600) can0 0CFE6CEE#F75417A2F87F537F
(1712345678.064000) can0 0CF00400#2214E6880D50E3B0
(1712345678.064400) can0 18FEF200#6F06E89207C18B43
(1712345678.064800) can0 18FEF100#0D43D20B8C61064A
(1712345678.065200) can0 18FEF200#D6381C1572CC8C0A
(1712345678.065600) can0 18EBFF00#428B8F07FDAF8D74
(1712345678.066000) can0 0CF00400#6F570911684543D7
(1712345678.066400) can0 0CF00300#DBA3D679504F0477
(1712345678.066800) can0 18EBFF00#3F7037737083DA0D
(1712345678.067200) can0 18FF0102#F5D5ED8E8C7D6CBA
(1712345678.067600) can0 18FEF200#B94E92DBE85CDB21
(1712345678.068000) can0 18FEF100#F2BB0649A8999F71
(1712345678.068400) can0 18FF0102#6B390DF2582D6B0C
(1712345678.068800) can0 18FEEE00#D1B472386C8F5B29
(1712345678.069200) can0 18FEEE00#FCE5D2FEEB2246C4
(1712345678.069600) can0 0CFE6CEE#305CAF0EF0C039EF
(1712345678.070000) can0 0CF00400#748B1DB9FFC745EA
(1712345678.070400) can0 18EBFF00#16A69131170C99F5
(1712345678.070800) can0 18EBFF00#FB17A814000AE7E2
(1712345678.071200) can0 0CF00300#8639BC289F1E2D53
(1712345678.071600) can0 18ECFF00#3A567F2319539132
(1712345678.072000) can0 18EBFF00#E0BF1E3F864DEA7F
(1712345678.072400) can0 18FEEE00#62ABA2E2D8E76B3B
(1712345678.072800) can0 0CF00400#6FE5AB3B7078D547
(1712345678.073200) can0 0CF00400#EA956922C1BA1EC5
(1712345678.073600) can0 18ECFF00#949FB6EEEB3D20C7
(1712345678.074000) can0 18FEEE00#ACD721BDCC3FD6E3
(1712345678.074400) can0 18FEF200#2817A8B7DB7DF2C4
(1712345678.074800) can0 18FEF200#FDA8E7E09323B397
(1712345678.075200) can0 18ECFF00#E1237BD7E516C428
(1712345678.075600) can0 18FEEE00#E9E2AC059D370454
(1712345678.076000) can0 0CF00400#CC379916E27FF50A
(1712345678.076400) can0 0CFE6CEE#9ADAD2391796C531
(1712345678.076800) can0 18FF0102#160B008522E8BFF0
(1712345678.077200) can0 18FEF200#70D6284D310DB218
(1712345678.077600) can0 1CFEB000#4FADC697E2C8EFF8
(1712345678.078000) can0 0CF00300#1E0F0D42D18C9632
(1712345678.078400) can0 18FEEE00#B2188F0080EB535A
(1712345678.078800) can0 0CFE6CEE#064A7BBCCE918016
(1712345678.079200) can0 18FEEE00#4AE3079974E25EAB
(1712345678.079600) can0 18FF0102#1705B126A55222B6
(1712345678.080000) can0 0CFE6CEE#74DB4C44A48F02D1
(1712345678.080400) can0 0CFE6CEE#E43ACD870E6DF634
(1712345678.080800) can0 18FEF200#90777B056359F1B8
(1712345678.081200) can0 0CF00400#4F9355B2CA513BCA
(1712345678.081600) can0 0CF00400#014E87BF2A7B380D
(1712345678.082000) can0 18FF0102#C00773DD5D4EE779
(1712345678.082400) can0 18FEF200#F5AB349D60F05177
(1712345678.082800) can0 0CFE6CEE#F7A879F4B6745E0E
(1712345678.083200) can0 1CFEB000#BCB78D2284ED1838
(1712345678.083600) can0 0CFE6CEE#9E03DE6D2871AE61
(1712345678.084000) can0 18FEF200#9651C4F143575C95
(1712345678.084400) can0 0CF00400#A3EAC524088B4780
(1712345678.084800) can0 1CFEB000#A76FDBCD35AD74B6
(1712345678.085200) can0 1CFEB000#72270D9557160502
(1712345678.085600) can0 18FEF200#FBB3C63B1D9B30BF
(1712345678.086000) can0 0CF00300#D35CC4AA4884EA5B
(1712345678.086400) can0 18FEF200#FA3A6F2B30075B22
(1712345678.086800) can0 1CFEB000#16B1AC257BCFE179
(1712345678.087200) can0 1CFEB000#05CB1BDB268200C7
(1712345678.087600) can0 18FEF100#7660E1AC8514A40D
(1712345678.088000) can0 18FEF200#7DDBBD9747BCBB28
(1712345678.088400) can0 18FEEE00#57D2AD1515F0A21C
(1712345678.088800) can0 0CFE6CEE#22D1F77CCB1C04C1
(1712345678.089200) can0 0CF00400#FF192EB652A690C3
(1712345678.089600) can0 18FEF200#36051B4CA21E05A7
(1712345678.090000) can0 18ECFF00#2FC17080CFA44F54
(1712345678.090400) can0 18EBFF00#5B9DF2C2FA1DBFEF
(1712345678.090800) can0 18FEF200#BD0F46FAB7C20922
(1712345678.091200) can0 18ECFF00#3E7FBB1BEE3E68B5
(1712345678.091600) can0 18FEF100#C7F35B3EB969FD93
(1712345678.092000) can0 0CF00300#1E02B6A315D916EA
(1712345678.092400) can0 18EBFF00#AE154AA3421D2727
(1712345678.092800) can0 18FEF100#CF03BC252CC513F1
(1712345678.093200) can0 0CF00300#20BAAC6C125A7173
(1712345678.093600) can0 1CFEB000#9A8694DFA8D63A65
(1712345678.094000) can0 18FEF100#844297D532D559A3
(1712345678.094400) can0 18FEF200#EA92139CB34CFB41
(1712345678.094800) can0 18FEEE00#07B7BCFCFE248D2F
(1712345678.095200) can0 18EBFF00#4DDDF7DE6A8C4EF2
(1712345678.095600) can0 0CF00400#9F8084AF37BDF997
(1712345678.096000) can0 0CF00300#F055979203261338
(1712345678.096400) can0 18FEF100#69FAA3D76FED1CA4
(1712345678.096800) can0 18FEF100#5B2D9FE1C3020A60
(1712345678.097200) can0 18FEF200#78547DC256FF9DE0
(1712345678.097600) can0 18FEF100#6E3A56DD6C2D2CA5
(1712345678.098000) can0 18FF0102#78D77784752E5791
(1712345678.098400) can0 18FEF200#A262B58F406EBA24
(1712345678.098800) can0 1CFEB000#0D932428E087327D
(1712345678.099200) can0 0CFE6CEE#631395CBC0CB0ED6
(1712345678.099600) can0 18ECFF00#EC840A886B5D8FD9
(1712345678.100000) can0 18EBFF00#DF78ECB198678EC8
(1712345678.100400) can0 18FEEE00#1EA7182B625837A9
(1712345678.100800) can0 18FF0102#06BC706C9A515747
(1712345678.101200) can0 0CF00300#6C35AD853982CC57
(1712345678.101600) can0 18FEF100#9A02501E01A5E13C
(1712345678.102000) can0 1CFEB000#3D7B5E87FBF0DF7B
(1712345678.102400) can0 18ECFF00#102F5C0D2B30D8E6
(1712345678.102800) can0 1CFEB000#8D9FA4D3D60D2E96
(1712345678.103200) can0 18ECFF00#6AB52F132795B397
(1712345678.103600) can0 0CF00300#7EC9A595F13C3F21
(1712345678.104000) can0 18FF0102#9C1E82F4AED35B16
(1712345678.104400) can0 18FEF100#2C99308A8107B4AD
(1712345678.104800) can0 18FEF100#A9626BFF649E279B
(1712345678.105200) can0 0CFE6CEE#79B8AB3F79CC8E4F
(1712345678.105600) can0 0CF00400#8428B8238B7C6769
(1712345678.106000) can0 18ECFF00#F4B291D0D251EB55
(1712345678.106400) can0 18FF0102#561FD8CF4FBC8039
(1712345678.106800) can0 18EBFF00#016DEA59953A31A5
(1712345678.107200) can0 1CFEB000#00D700DE27EDBD9D
(1712345678.107600) can0 18FEF200#D04C45BC2AD482E5
(1712345678.108000) can0 0CF00300#CAEDCEB027C23B15
(1712345678.108400) can0 1CFEB000#3F4C6D0A2F70D202
(1712345678.108800) can0 18FEEE00#F33D4EE8EC6C226A
(1712345678.109200) can0 0CF00300#8FA9191FF57476B7
(1712345678.109600) can0 18ECFF00#38D4F8E80498098A
(1712345678.110000) can0 18FF0102#16DD98E93F9E81B6
(1712345678.110400) can0 18FEF200#3358F77405BB5D2F
(1712345678.110800) can0 18FEF200#A4045D15B573267F
(1712345678.111200) can0 18FEF200#79827A07D41CFB64
(1712345678.111600) can0 0CF00300#5ACCE4EFEB25B0AE
(1712345678.112000) can0 18FEF200#5A88774354C6FF19
(1712345678.112400) can0 1CFEB000#F93CA4C326479271
(1712345678.112800) can0 1CFEB000#D951BA5519B1A086
(1712345678.113200) can0 18FEEE00#D9B19D3627775772
(1712345678.113600) can0 18FF0102#6EB56682CDE49796
(1712345678.114000) can0 1CFEB000#7C1DEFC4504F90F7
(1712345678.114400) can0 18EBFF00#AAB17CC48521D6F6
(1712345678.114800) can0 18ECFF00#735C9B77F07ECC45
(1712345678.115200) can0 18ECFF00#D4F6E7D12C0003F1
(1712345678.115600) can0 18FEF100#9DEE796B53555A9A
(1712345678.116000) can0 18FF0102#1018A2A50FAC916B
(1712345678.116400) can0 0CF00300#FF001A0E2D70C98C
(1712345678.116800) can0 0CF00300#744ECC268A6E70B4
(1712345678.117200) can0 18FF0102#5DE6B9DFEF9882D8
(1712345678.117600) can0 1CFEB000#B11118CA14EE98F3
(1712345678.118000) can0 1CFEB000#556F765380285711
(1712345678.118400) can0 18FEF200#D5C97A6B6EE0E059
(1712345678.118800) can0 18EBFF00#936C823C099F2563
(1712345678.119200) can0 0CFE6CEE#C5F1D434890FF69C
(1712345678.119600) can0 18ECFF00#C295DD84CB0F9D4E
(1712345678.120000) can0 0CFE6CEE#A54912A6DEDA2AD9
(1712345678.120400) can0 1CFEB000#24C219FB496BE5AE
(1712345678.120800) can0 1CFEB000#B7D67EEB13D1F5C2
(1712345678.121200) can0 18FEF200#1146B10ADB9B9CA0
(1712345678.121600) can0 18EBFF00#781FF476174FB36C
(1712345678.122000) can0 18EBFF00#B4D46E48497FA9E4
(1712345678.122400) can0 0CF00300#BA6E07A993EEB388
(1712345678.122800) can0 18FEF100#BD405CCA63EB3868
(1712345678.123200) can0 0CF00400#E458A7B188968C1B
(1712345678.123600) can0 1CFEB000#5A21CEEB5033CB1A
(1712345678.124000) can0 18FEF100#6797D60A735718A4
(1712345678.124400) can0 18FEF100#67ED7DEC5110DB5D
(1712345678.124800) can0 18ECFF00#9E19CBC9E61FED53
(1712345678.125200) can0 18FF0102#7AD1EFB54D213630
(1712345678.125600) can0 18EBFF00#56538B384C739AD5
(1712345678.126000) can0 0CF00400#2F23CABB11E787BB
(1712345678.126400) can0 18FEF200#53A65C9549427970
(1712345678.126800) can0 18FF0102#E968DD80D945F10D
(1712345678.127200) can0 18FEF200#94B67C19E9D6357D
(1712345678.127600) can0 18FEF100#3E2C6A838B965CB5
(1712345678.128000) can0 18FEEE00#AC7B85346E5A17C8
(1712345678.128400) can0 18FEF200#96D8ACF94C9E5404
(1712345678.128800) can0 1CFEB000#818FCB74D5544982
(1712345678.129200) can0 0CF00400#648BB506A572BCEE
(1712345678.129600) can0 1CFEB000#EF546A3A83B8C9DF
(1712345678.130000) can0 0CF00400#0A32A9977B045CDD
(1712345678.130400) can0 0CFE6CEE#168ACE2E84681065
(1712345678.130800) can0 18FF0102#3DF0243C4AAC0E96
(1712345678.131200) can0 18ECFF00#C7733F462A4DAB10
(1712345678.131600) can0 18FF0102#A016FFFE54B7DEF8
(1712345678.132000) can0 18EBFF00#AE5DDA6CAD210F98
(1712345678.132400) can0 1CFEB000#B5F0D68BAA50317B
(1712345678.132800) can0 18FEEE00#AD6EC491A044D6CB
(1712345678.133200) can0 0CF00300#2CDAC1B7722484CC
(1712345678.133600) can0 18FF0102#893A6A9A79017B7A
(1712345678.134000) can0 1CFEB000#8830A289EC559119
(1712345678.134400) can0 0CFE6CEE#8217FC0A0757DBC7
(1712345678.134800) can0 1CFEB000#D14EA15DCDDAFD27
(1712345678.135200) can0 0CF00400#970199658F4FD44D
(1712345678.135600) can0 18FEF100#DF33176DC7F34B88
(1712345678.136000) can0 1CFEB000#4E4F406DB5D46C1F
(1712345678.136400) can0 18FEEE00#51E377D895225500
(1712345678.136800) can0 0CF00400#40731F45869CDF1D
(1712345678.137200) can0 18ECFF00#5B5846FCA8BC86D8
(1712345678.137600) can0 18EBFF00#54AB6CD27BA125CA
(1712345678.138000) can0 18FEF100#F20EDDC752384AD7
(1712345678.138400) can0 18FEF100#8731310AA418809E
(1712345678.138800) can0 18FF0102#9DBABDCF169A749A
(1712345678.139200) can0 18EBFF00#A078E53B0BE144B1
(1712345678.139600) can0 18ECFF00#2DFB5DCE52C3E74A
(1712345678.140000) can0 0CFE6CEE#3BC2C4B71811C3D6
(1712345678.140400) can0 18ECFF00#4BD000F3F803DCFC
(1712345678.140800) can0 0CFE6CEE#6EA5F7B333C4268C
(1712345678.141200) can0 0CFE6CEE#076578F503DA4D33
(1712345678.141600) can0 18FEEE00#1339DC5EE301AA6A
(1712345678.142000) can0 0CF00400#F72E40793E58BB68
(1712345678.142400) can0 18FF0102#A2286E0D7B9E7EE2
(1712345678.142800) can0 18ECFF00#10D160D8251584CA
(1712345678.143200) can0 18FEF100#E825C91CB8128587
(1712345678.143600) can0 18ECFF00#EE52588D3FF98A6C
(1712345678.144000) can0 18FEF200#BD3352DE2BC7BFC3
(1712345678.144400) can0 1CFEB000#6704E5EAC037D9E9
(1712345678.144800) can0 18FEF200#40C6CA8791F07A2D
(1712345678.145200) can0 1CFEB000#94D7E824A7F5E41B
(1712345678.145600) can0 18FEF100#A30EC2F630E10C0F
(1712345678.146000) can0 0CFE6CEE#F3C21DC867210CF3
(1712345678.146400) can0 0CF00400#EEC36557F2A830DB
(1712345678.146800) can0 18FEF100#75DC1A759284424C
(1712345678.147200) can0 18FEF100#FCCE2EF555D4AB02
(1712345678.147600) can0 18FEF100#4B0AE108F88F6B9F
(1712345678.148000) can0 0CFE6CEE#158E2BE674EBB28C
(1712345678.148400) can0 1CFEB000#C1DDB2C13C3D5EDD
(1712345678.148800) can0 18EBFF00#3CA6950A65C2F774
(1712345678.149200) can0 18FEF200#10DA09BE9FCAAC6F
(1712345678.149600) can0 18EBFF00#28747B3B9C5F66C2
(1712345678.150000) can0 18FEEE00#3619C59FCDD2BC85
(1712345678.150400) can0 0CF00300#EA15F7EDE457A480
(1712345678.150800) can0 18EBFF00#B0F25D6F6BBFC670
(1712345678.151200) can0 1CFEB000#E61172514F71E866
(1712345678.151600) can0 18EBFF00#380732BEBB0A3B15
(1712345678.152000) can0 18EBFF00#27607A29A6F53A48
(1712345678.152400) can0 18FEF100#E586387670FDFB00
(1712345678.152800) can0 18FF0102#7255275DD164D9C0
(1712345678.153200) can0 18ECFF00#B7D95C7AF83417CA
(1712345678.153600) can0 18ECFF00#4EB53E8307E6D8B3
(1712345678.154000) can0 0CF00400#A9085D0B65279350
(1712345678.154400) can0 1CFEB000#3DA1856F8EB13932
(1712345678.154800) can0 18FF0102#34089BB2480A0EB8
(1712345678.155200) can0 18ECFF00#0C5A06CEA863236D
(1712345678.155600) can0 18FEF100#1CCBBE2509505154
(1712345678.156000) can0 18ECFF00#3BCFC14314364359
(1712345678.156400) can0 18FEF200#1A4A323305D6AE0D
(1712345678.156800) can0 1CFEB000#6A7B56660A9F7F6C
(1712345678.157200) can0 0CFE6CEE#5DCC53266FFF4486
(1712345678.157600) can0 18FEEE00#D6A77EC90F02F4B5
(1712345678.158000) can0 18FEF200#2A1110D3AF831771
(1712345678.158400) can0 18FEF100#E727606DD2149932
(1712345678.158800) can0 0CFE6CEE#B82888A00C4957A4
(1712345678.159200) can0 18ECFF00#82C8FAE839704EC6
(1712345678.159600) can0 18FEF200#9FBF590EF9651470
(1712345678.160000) can0 0CFE6CEE#545CF727E78CD819
(1712345678.160400) can0 18FEF200#BA1804A89D458CAC
(1712345678.160800) can0 0CF00400#2EEBEF6863E25799
(1712345678.161200) can0 0CF00300#A282B4811B4978CA
(1712345678.161600) can0 0CF00300#05F10244E8E465F4
(1712345678.162000) can0 18FF0102#26D38275FBB8F329
(1712345678.162400) can0 0CFE6CEE#071566BEA5CA1F41
(1712345678.162800) can0 18FEF200#888AB8752B005B67
(1712345678.163200) can0 18ECFF00#4C7DE299538F6FC2
(1712345678.163600) can0 18FF0102#8D2EAE402B4CD62D
(1712345678.164000) can0 18ECFF00#05F13F518CE0BE60
(1712345678.164400) can0 18EBFF00#2DEE776C6359BFE6
(1712345678.164800) can0 18ECFF00#573ED7C5BA84168F
(1712345678.165200) can0 18ECFF00#9AAA5AA1D1A18FFD
(1712345678.165600) can0 1CFEB000#85B6BA7D60882C09
(1712345678.166000) can0 0CF00300#82426ACE14AD0555
(1712345678.166400) can0 18ECFF00#6A16B8EB755CD7A4
(1712345678.166800) can0 18ECFF00#7A68FDC7049E5A1D
(1712345678.167200) can0 18FEEE00#2802ECB9FA36B9B3
(1712345678.167600) can0 18FEF100#759FF0FDD04795C0
(1712345678.168000) can0 18ECFF00#502685C7C4492FBC
(1712345678.168400) can0 18FEEE00#783B899B044C67E7
(1712345678.168800) can0 18FF0102#AD5F9DCE2EC2EDCE
(1712345678.169200) can0 0CF00400#FF93FBAC7C94C1DF
(1712345678.169600) can0 18FF0102#4DED58678E46B03E
(1712345678.170000) can0 0CF00300#7C735EABE1BABF8B
(1712345678.170400) can0 18FEF200#1B4228F799D3A606
(1712345678.170800) can0 0CF00300#C2C80DBFED5A7558
(1712345678.171200) can0 0CF00300#334F51D3446F967E
(1712345678.171600) can0 18FF0102#C45B88C8DB239B2C
(1712345678.172000) can0 0CFE6CEE#CE903B641BED2184
(1712345678.172400) can0 18ECFF00#DE5DF441558DF20F
(1712345678.172800) can0 0CFE6CEE#1ECB11A2BD0B7709
(1712345678.173200) can0 18FEF100#7FC0259178AF2DD3
(1712345678.173600) can0 0CFE6CEE#E0A6766091BFEFFD
(1712345678.174000) can0 18FEF100#299FE6935367F327
(1712345678.174400) can0 18FF0102#B226C89A0012F216
(1712345678.174800) can0 18EBFF00#62FAE80EFFEB130D
(1712345678.175200) can0 18FF0102#F274ADE1C849E48D
(1712345678.175600) can0 18ECFF00#6A51AFBC7F2E778D
(1712345678.176000) can0 18ECFF00#D5423C56E1F56FDB
(1712345678.176400) can0 18FEF200#AF20BF2C2D3B8390
(1712345678.176800) can0 18FEEE00#1A92F7873935192A
(1712345678.177200) can0 18ECFF00#468BBA908E72A90B
(1712345678.177600) can0 18FF0102#D3DF45BF9DD5F8B1
(1712345678.178000) can0 18FEEE00#6B2CC1BB8E0A66C0
(1712345678.178400) can0 18FEEE00#CDD17FFEF3557C40
(1712345678.178800) can0 0CF00300#8B54D792D57C50F8
(1712345678.179200) can0 1CFEB000#34794F9A1CEFD1F4
(1712345678.179600) can0 18ECFF00#3D019FEBE740F607
(1712345678.180000) can0 0CFE6CEE#BD9161B6F9A40896
(1712345678.180400) can0 18EBFF00#54DA52823F686304
(1712345678.180800) can0 0CF00400#D813D74E78080A1B
(1712345678.181200) can0 0CF00300#080612A65FA38C75
(1712345678.181600) can0 0CF00400#A31976DF28823699
(1712345678.182000) can0 0CF00300#106021A4C37C6993
(1712345678.182400) can0 0CF00300#702AB365D64492C5
(1712345678.182800) can0 0CF00300#02020DA46C6FEE90
(1712345678.183200) can0 0CF00400#6CBDF5B1202B4E06
(1712345678.183600) can0 18FEEE00#1BB2D3966A59DDD5
(1712345678.184000) can0 1CFEB000#AB00C37F055EA4AF
(1712345678.184400) can0 1CFEB000#872B3FA002DB07B9
(1712345678.184800) can0 18FEEE00#C65029A2D3B95975
(1712345678.185200) can0 0CF00400#7E8EDBC204E9C2C9
(1712345678.185600) can0 18FEEE00#4E5429D864A6A3EC
(1712345678.186000) can0 0CF00400#4558DE32D4B3E1BB
(1712345678.186400) can0 1CFEB000#CA5A4ADB7ADE32CC
(1712345678.186800) can0 18FF0102#0CA05B784B74DD8E
(1712345678.187200) can0 18FF0102#8F9DB816471D5B76
(1712345678.187600) can0 18ECFF00#4997FD5A033D88E6
(1712345678.188000) can0 18FF0102#3470FB4403C1D97D
(1712345678.188400) can0 1CFEB000#F9A4EE1ABB10DAED
(1712345678.188800) can0 1CFEB000#0C8952E2582FE616
(1712345678.189200) can0 18FEF100#67AF000430DDBFCB
(1712345678.189600) can0 18FEF200#7EFFB8905F9CBE67
(1712345678.190000) can0 0CFE6CEE#9B802A329871827B
(1712345678.190400) can0 18FEF200#0FF93A65E505C4DB
(1712345678.190800) can0 0CF00400#EC930BF9B20051D2
(1712345678.191200) can0 1CFEB000#A7928C2D05687718
(1712345678.191600) can0 18ECFF00#71C60D805BDE25CC
(1712345678.192000) can0 18FEF100#A388C26FD7927F87
(1712345678.192400) can0 18ECFF00#AF7C549D75EAC63C
(1712345678.192800) can0 18FF0102#C53A9ADA252AD9FE
(1712345678.193200) can0 18FF0102#C44C5CC965B0809B
(1712345678.193600) can0 18ECFF00#E6F0B8F0C9D70D09
(1712345678.194000) can0 18EBFF00#F786AC0F7127790E
(1712345678.194400) can0 1CFEB000#DF04269D706FE027
(1712345678.194800) can0 18EBFF00#940EF7D2EE2EF76E
(1712345678.195200) can0 0CFE6CEE#965BA8669C367A5E
(1712345678.195600) can0 18FEF100#93B44484EC957845
(1712345678.196000) can0 18FF0102#95AAC678946054C0
(1712345678.196400) can0 1CFEB000#3A508AC1513F6825
(1712345678.196800) can0 0CF00300#0C5BFCE82DAFDE97
(1712345678.197200) can0 18FEF100#2B5239B62AEA0287
(1712345678.197600) can0 18FEEE00#A9B51F691FC6FEC5
(1712345678.198000) can0 0CF00300#FD3F910BD64D600E
(1712345678.198400) can0 0CF00300#1B0F66AB7967AA83
(1712345678.198800) can0 18ECFF00#4F6554090FEBD82F
(1712345678.199200) can0 18FEF200#9C308F3054F79D6B
(1712345678.199600) can0 1CFEB000#066ECF94BE04C725
(1712345678.200000) can0 18FEEE00#7C46E86FA31E3B62
(1712345678.200400) can0 0CF00400#06CE1E09D80A843B
(1712345678.200800) can0 18ECFF00#687C85C7453362CF
(1712345678.201200) can0 0CF00300#EE2DD717E47775F3
(1712345678.201600) can0 1CFEB000#F775B5B2410B5C6A
(1712345678.202000) can0 18EBFF00#CCE5EF7340B8533D
(1712345678.202400) can0 18ECFF00#E7101BA93C6C145E
(1712345678.202800) can0 18FF0102#A2DA5D51695E3110
(1712345678.203200) can0 18FF0102#AAFF2FD70D987840
(1712345678.203600) can0 18FEF100#B716B43D4FBC218A
(1712345678.204000) can0 0CF00300#1CC72B6BAB6E0057
(1712345678.204400) can0 18FEF100#C490AD6AC6CBE8AD
(1712345678.204800) can0 18FEEE00#9EB9AA816C418C4E
(1712345678.205200) can0 0CF00300#C9CB63F714362171
(1712345678.205600) can0 18FEF100#A35E9FF65AFC82A4
(1712345678.206000) can0 18EBFF00#A3A3E60C9B8328D6
(1712345678.206400) can0 18FEF200#280639C70D461FC2
(1712345678.206800) can0 18FF0102#2EE73CCE808B9ACB
(1712345678.207200) can0 0CF00300#4C6B3996D1DFCD7A
(1712345678.207600) can0 18FEEE00#B26E5F3D7681C328
(1712345678.208000) can0 1CFEB000#EDDF35DF2E42449C
(1712345678.208400) can0 0CFE6CEE#BAA75E4F33C5B2B0
(1712345678.208800) can0 0CF00300#B766FC94B6510FC8
(1712345678.209200) can0 18FEF200#AA65C162B7C438AB
(1712345678.209600) can0 0CFE6CEE#7A97553B0C33537E
(1712345678.210000) can0 18FEEE00#DBD1974FFBEE6FA8
(1712345678.210400) can0 18FEEE00#1E99E7D60AEB6C6C
(1712345678.210800) can0 1CFEB000#EA575331AFBC59D2
(1712345678.211200) can0 18ECFF00#65E823691CAE7BD3
(1712345678.211600) can0 0CF00400#CC45870C5EE3B3CF
(1712345678.212000) can0 18EBFF00#1F7D658F49E61B8E
(1712345678.212400) can0 0CF00300#7E81410C2CA33109
(1712345678.212800) can0 1CFEB000#178D3B60E9C92B2A
(1712345678.213200) can0 18FEEE00#9366DC092CF1F942
(1712345678.213600) can0 18EBFF00#6EC3D3B846B8F0A0
(1712345678.214000) can0 18FEF200#1A931F4C3544A43A
(1712345678.214400) can0 18FEF200#ED1DBB64366252E7
(1712345678.214800) can0 0CF00300#C1D1340C2398EFCD
(1712345678.215200) can0 18FEF100#FA16B2FB6D8E4A76
(1712345678.215600) can0 18FF0102#4005AC9979D18B00
(1712345678.216000) can0 18EBFF00#E4AEF43C04F1EE4D
(1712345678.216400) can0 18FF0102#C277FA3359449B6F
(1712345678.216800) can0 0CFE6CEE#E0EEC939845A5E7A
(1712345678.217200) can0 1CFEB000#61AF8F6190B1B8F6
(1712345678.217600) can0 18FEF100#4A522D2DB1C20F0A
(1712345678.218000) can0 0CF00300#99AFC7D26463D461
(1712345678.218400) can0 18FEEE00#A1BE88BEAF7AC288
(1712345678.218800) can0 0CFE6CEE#14DE335C378F3485
(1712345678.219200) can0 0CF00300#27D58E9FC01D0824
(1712345678.219600) can0 18FEF200#9F80DA671F125EA1
(1712345678.220000) can0 18FEEE00#39231A10D279E72C
(1712345678.220400) can0 0CFE6CEE#FB7AC2FC6DD43A4E
(1712345678.220800) can0 1CFEB000#4E9B32E1C6E3C296
(1712345678.221200) can0 0CF00300#B861F6ED0697A979
(1712345678.221600) can0 18FEF100#1EE6D23E5ACF100F
(1712345678.222000) can0 18FEF200#42C8AF7AC4F1951D
(1712345678.222400) can0 18FEEE00#26C3EDBFD75BA6CA
(1712345678.222800) can0 18FEF200#717E26428EB43AFF
(1712345678.223200) can0 18FEF200#B592CD19E69E4135
(1712345678.223600) can0 18FEEE00#91263CFF1B1F75EC
(1712345678.224000) can0 0CFE6CEE#362D1A10D4378DBC
(1712345678.224400) can0 18FEEE00#C236BBB5D96FBC85
(1712345678.224800) can0 18FEEE00#1305B8A42F71A640
(1712345678.225200) can0 18FEF200#C374A88E834DD5E8
(1712345678.225600) can0 18FEF100#0C92FBC412C39A5D
(1712345678.226000) can0 1CFEB000#974A6A50A22583C5
(1712345678.226400) can0 18EBFF00#7373B2AE143900D4
(1712345678.226800) can0 1CFEB000#2F7FC56EBF5F37A1
(1712345678.227200) can0 18EBFF00#85E7546050C393BD
(1712345678.227600) can0 18FEEE00#E2A4903CD9691F5F
(1712345678.228000) can0 0CF00300#3181C49492361939
(1712345678.228400) can0 18FEF100#0DD4FB4A47F1EBD5
(1712345678.228800) can0 18ECFF00#453AA1744390669A
(1712345678.229200) can0 18FEF200#98A7246F96A69165
(1712345678.229600) can0 18FEF100#8514905309253A13
(1712345678.230000) can0 1CFEB000#A2491BC4D2541686
(1712345678.230400) can0 18FEEE00#87B735E947B92275
(1712345678.230800) can0 18FEEE00#30E78D50A5633C86
(1712345678.231200) can0 18EBFF00#3D0FAA84C3A6525C
(1712345678.231600) can0 18FEEE00#CB0B3DD120BB1016
(1712345678.232000) can0 0CF00300#CAEE5447B0F24A97
(1712345678.232400) can0 18ECFF00#72A0AF9FCAD8D553
(1712345678.232800) can0 18FF0102#2881AF82BD2D6D9F
(1712345678.233200) can0 18EBFF00#D1BDA98AB7074D79
(1712345678.233600) can0 0CF00300#5AEF03CEC7E5197A
(1712345678.234000) can0 18EBFF00#3840D49A604F79AA
(1712345678.234400) can0 18ECFF00#4B3D3283B439752A
(1712345678.234800) can0 18EBFF00#061DB0CFAC566225
(1712345678.235200) can0 0CF00400#8455E65BC15F9BA8
(1712345678.235600) can0 0CF00300#CDC27012848164D1
(1712345678.236000) can0 18FF0102#C4CC57E71F0D831D
(1712345678.236400) can0 0CF00400#8830105310CAF684
(1712345678.236800) can0 18FF0102#B9F4F07769859454
(1712345678.237200) can0 1CFEB000#CC8685B1EFBC981D
(1712345678.237600) can0 1CFEB000#5F3FC9D154A024F8
(1712345678.238000) can0 0CF00300#999E25CBF193D592
(1712345678.238400) can0 1CFEB000#D67EDCECCE1F890E
(1712345678.238800) can0 18FEF100#F415738FBD8F3B6E
(1712345678.239200) can0 0CF00300#DBE2FC23E09D71F8
(1712345678.239600) can0 18ECFF00#8418D9040FB5CC77
(1712345678.240000) can0 0CF00400#CF4D3BA6D9F7997E
(1712345678.240400) can0 18EBFF00#DFF6945AE2245711
(1712345678.240800) can0 0CF00400#04E92C04EEDE5C03
(1712345678.241200) can0 18FEF100#8D102D825171DBC2
(1712345678.241600) can0 0CF00400#0498ED77C0158944
(1712345678.242000) can0 18FEF100#C972C958751F584F
(1712345678.242400) can0 18FEF200#CEEB69F5165011B7
(1712345678.242800) can0 18ECFF00#28CEED56A1ECE291
(1712345678.243200) can0 18EBFF00#0C97DC217EC47A2A
(1712345678.243600) can0 0CF00400#9C3E6A0816484BEA
(1712345678.244000) can0 0CF00400#ACE6CF106465A53E
(1712345678.244400) can0 0CF00400#7A5FFFED8AF87FCE
(1712345678.244800) can0 18FEEE00#AC65392549A29021
(1712345678.245200) can0 18EBFF00#690167723E57B2B8
(1712345678.245600) can0 18FEEE00#837A4462677BED2E
(1712345678.246000) can0 18EBFF00#5E8EC479630FC9AC
(1712345678.246400) can0 18FEF100#3DD5DCC735789152
(1712345678.246800) can0 0CFE6CEE#C2BBEDFFD9EB5219
(1712345678.247200) can0 0CFE6CEE#672DE82C09DD7E75
(1712345678.247600) can0 1CFEB000#C5F91FAA9F061E9E
(1712345678.248000) can0 18FEEE00#99A65EFEC93D08D3
(1712345678.248400) can0 18FEF200#0D0891170426A41F
(1712345678.248800) can0 0CF00300#E5D744325538F8F9
(1712345678.249200) can0 1CFEB000#730273A524B79A02
(1712345678.249600) can0 18FEEE00#2B5D923B0F19D215
(1712345678.250000) can0 18FF0102#CAF2AA4E292C883C
(1712345678.250400) can0 18FF0102#8801C7C30658B6A5
(1712345678.250800) can0 18FF0102#954CE52E2B454430
(1712345678.251200) can0 18FEF200#262C73A9D1C3F0C2
(1712345678.251600) can0 18FEF100#88951716741D7710
(1712345678.252000) can0 18ECFF00#81D34966D26D5944
(1712345678.252400) can0 18EBFF00#121CBE35A10F09B2
(1712345678.252800) can0 18FEF100#0F3617501B942ACF
(1712345678.253200) can0 18FEF100#EC1307C06ED82989
(1712345678.253600) can0 18FEF200#E01361F65B1D86F7
(1712345678.254000) can0 0CF00400#15B782CD41EE2654
(1712345678.254400) can0 18FEF200#E4F607830A821DD1
(1712345678.254800) can0 18ECFF00#3D3C62825E80E40A
(1712345678.255200) can0 0CF00300#A428228B8F4014A4
(1712345678.255600) can0 0CFE6CEE#31509A44678F3E56
(1712345678.256000) can0 0CF00300#AFC17635405DD1B8
(1712345678.256400) can0 18FEEE00#65BB1917EB95C5E9
(1712345678.256800) can0 18ECFF00#6EF062EE74D4383F
(1712345678.257200) can0 18FEF100#C164547A4D0FD508
(1712345678.257600) can0 18ECFF00#0E0030E5C9086570
(1712345678.258000) can0 18FEEE00#3B66DF5148EB497B
(1712345678.258400) can0 18FF0102#1DAB77BF78DE2925
(1712345678.258800) can0 18FEF100#74FC6E07CCC8D63B
(1712345678.259200) can0 0CFE6CEE#BD30BA3D89424A81
(1712345678.259600) can0 0CF00300#BAA344CA25BF183A
(1712345678.260000) can0 18EBFF00#2BA73C1A1BCAC426
(1712345678.260400) can0 18FEF100#55628626408A808E
(1712345678.260800) can0 18FEF200#114829AE776974F4
(1712345678.261200) can0 18EBFF00#DAA9480A25377290
(1712345678.261600) can0 18FEF200#F73DD1561D999A8A
(1712345678.262000) can0 0CFE6CEE#0DE2D153ACCD34DA
(1712345678.262400) can0 1CFEB000#19059E7436CFBB38
(1712345678.262800) can0 18EBFF00#9F0A324FCECC6084
(1712345678.263200) can0 0CFE6CEE#BD7B9FFF7404D6D3
(1712345678.263600) can0 0CF00400#85FB884C321864D0
(1712345678.264000) can0 18FEF200#1D3800BFBDD37631
(1712345678.264400) can0 0CF00400#58C5F52E727B0357
(1712345678.264800) can0 18FEF200#9C92E58E11E6402A
(1712345678.265200) can0 18FEF200#4092295553A2AF47
(1712345678.265600) can0 0CF00400#9F99B87E17114191
(1712345678.266000) can0 18FEEE00#26B5B919B56B3352
(1712345678.266400) can0 18FEEE00#F1970CA0108D0EFF
(1712345678.266800) can0 18FF0102#34191606C009DEEE
(1712345678.267200) can0 18FEEE00#CE8594905DFE7787
(1712345678.267600) can0 1CFEB000#EAD10A8BB8FE1B9D
(1712345678.268000) can0 0CFE6CEE#35D2B12F9BF80A1D
(1712345678.268400) can0 18EBFF00#EB13BCAF3ED768D5
(1712345678.268800) can0 18ECFF00#EE13D5203BCE02F3
(1712345678.269200) can0 18FEF100#C314E0C0419D2474
(1712345678.269600) can0 0CF00400#8F433A25714AE599
(1712345678.270000) can0 0CF00300#38D7011D3E196E1B
(1712345678.270400) can0 1CFEB000#338681EC27C31919
(1712345678.270800) can0 0CF00400#9AF8F4817351F26C
(1712345678.271200) can0 18FF0102#F8C663351CE58C7E
(1712345678.271600) can0 18EBFF00#75D99552FD7F3697
(1712345678.272000) can0 18FEF100#7C0FB59A734E68AF
(1712345678.272400) can0 18FEF200#B9D6F1D34A293D7F
(1712345678.272800) can0 18FEF100#AC8F504276B4B2DE
(1712345678.273200) can0 18FF0102#ED30E168633D3063
(1712345678.273600) can0 0CFE6CEE#EEB05AD9CD5D6FAD
(1712345678.274000) can0 18ECFF00#84C00A7DF19A47D9
(1712345678.274400) can0 18ECFF00#9A5794C0FCF59FE1
(1712345678.274800) can0 18ECFF00#D3E8346637886F85
(1712345678.275200) can0 18FEF100#4B17C5F41CAD6C59
(1712345678.275600) can0 1CFEB000#7F5D316E6A7F7F1E
(1712345678.276000) can0 18FF0102#69E3CF2A16ECE156
(1712345678.276400) can0 18FEF100#39238F67646619CF
(1712345678.276800) can0 18FEF200#CD542F72B526C724
(1712345678.277200) can0 18FEF100#4FBFA4B3FFFD7079
(1712345678.277600) can0 18FEF100#8E855F1CB6211028
(1712345678.278000) can0 0CFE6CEE#ABAA15BBDE436BF9
(1712345678.278400) can0 0CF00300#EF05E5A8482E7501
(1712345678.278800) can0 18FEF200#DD9BA04482C820FC
(1712345678.279200) can0 18FEEE00#9AD13147AE83B821
(1712345678.279600) can0 0CF00400#C63340E53E374E85
(1712345678.280000) can0 1CFEB000#400CF9B1C6A30161
(1712345678.280400) can0 0CF00400#06B6C7436A3E9A7D
(1712345678.280800) can0 18FEF200#F4A2B795504F4723
(1712345678.281200) can0 18FEF200#5737A4F2CD4CE0D0
(1712345678.281600) can0 0CF00400#4F6877215EEED894
(1712345678.282000) can0 0CFE6CEE#D67D2CF1C32CF5DE
(1712345678.282400) can0 18FEF100#6109DDB4DBAA1102
(1712345678.282800) can0 18ECFF00#7128229766E489E7
(1712345678.283200) can0 18FEEE00#579DAC57EABF59D7
(1712345678.283600) can0 18FEF200#E9805605285EE726
(1712345678.284000) can0 18FEEE00#8C58CD3A88422DAF
(1712345678.284400) can0 18FF0102#9B803431FC4101B1
(1712345678.284800) can0 18FEF100#DB2C9025FA1AAD99
(1712345678.285200) can0 1CFEB000#C862B84549B4E11A
(1712345678.285600) can0 18FEEE00#9DE29D42302B1867
(1712345678.286000) can0 18FEEE00#D03B7B23E94014CB
(1712345678.286400) can0 0CF00400#C7293BD46CD03709
(1712345678.286800) can0 0CF00400#F1B24859EC3F6E8D
(1712345678.287200) can0 18ECFF00#E2EDBE31437EE271
(1712345678.287600) can0 0CF00300#33932FE2CB85D091
(1712345678.288000) can0 0CF00400#9C2C427AEC01A5FF
(1712345678.288400) can0 18FEF200#F556F275460DBA6F
(1712345678.288800) can0 18EBFF00#C36EB4334EA93C42
(1712345678.289200) can0 1CFEB000#806B4DFCF75FA382
(1712345678.289600) can0 1CFEB000#28F5C6BEE1BE5889
(1712345678.290000) can0 0CFE6CEE#DEB3514762259D98
(1712345678.290400) can0 18FEF100#0782E8F004BADA77
(1712345678.290800) can0 18FEF200#7C9A9072AA266100
(1712345678.291200) can0 18ECFF00#D77D27B092441A6A
(1712345678.291600) can0 0CF00300#2563C1EA9775E59A
(1712345678.292000) can0 18FEEE00#1296C234D392AC1B
(1712345678.292400) can0 1CFEB000#F528F1528354BF86
(1712345678.292800) can0 18EBFF00#5891E09F5D7AE637
(1712345678.293200) can0 18ECFF00#D3D9A7761026E77B
(1712345678.293600) can0 18FEF200#670BDCEE9674E8CE
(1712345678.294000) can0 18FF0102#61C7AFCE626FD996
(1712345678.294400) can0 18ECFF00#974FBDDA86637BD7
(1712345678.294800) can0 18FEF100#834399B8238784DA
(1712345678.295200) can0 0CF00300#2B89177B63884029
(1712345678.295600) can0 18FEF200#9190B3BF45EE83F2
(1712345678.296000) can0 18ECFF00#B7B77A93651321E7
(1712345678.296400) can0 18FEF100#5FF474EC63E69EFB
(1712345678.296800) can0 0CF00400#7255B62E4F3F3423
(1712345678.297200) can0 1CFEB000#7045F56806F75112
(1712345678.297600) can0 18EBFF00#B1A29E29581CD28C
(1712345678.298000) can0 1CFEB000#184B5F9C772683E8
(1712345678.298400) can0 18FEF100#370928B68CAC82DE
(1712345678.298800) can0 18FEF100#AC9FC7EF402D7A04
(1712345678.299200) can0 0CF00400#2EA5D964B4B57A4F
(1712345678.299600) can0 0CF00300#391F873449A26EFC
(1712345678.300000) can0 18EBFF00#9B9A52A4946D115C
(1712345678.300400) can0 18FEF200#DD9BC4D419357215
(1712345678.300800) can0 18EBFF00#A1F361F0FED86346
(1712345678.301200) can0 0CFE6CEE#90FE28A975EBEDD7
(1712345678.301600) can0 0CF00400#8799DA7BBD9E0DD9
(1712345678.302000) can0 18FEEE00#CFB00B4FCA919D32
(1712345678.302400) can0 1CFEB000#7853FE0599DD115E
(1712345678.302800) can0 0CFE6CEE#634E24C84BFDE3E1
(1712345678.303200) can0 0CFE6CEE#3BD73C3D6CA2EA55
(1712345678.303600) can0 18EBFF00#A15F709AA7A1A420
(1712345678.304000) can0 0CFE6CEE#567E9F4310DCBEF3
(1712345678.304400) can0 18FEEE00#74927C6231C237D5
(1712345678.304800) can0 18ECFF00#E35901B21E717880
(1712345678.305200) can0 18ECFF00#BE9F159A32089076
(1712345678.305600) can0 0CFE6CEE#976720FBF5C4A1EE
(1712345678.306000) can0 18FEF100#E35E37DA32FD0873
(1712345678.306400) can0 1CFEB000#F4ADF3745B4E70FF
(1712345678.306800) can0 1CFEB000#7569028B520459B8
(1712345678.307200) can0 18FEF100#5490F19173663011
(1712345678.307600) can0 0CFE6CEE#D88B8BEA071F0085
(1712345678.308000) can0 18FEEE00#942E7EB51F19F6A7
(1712345678.308400) can0 0CFE6CEE#A0A2F522026E927B
(1712345678.308800) can0 18ECFF00#27C30DFCB9888E81
(1712345678.309200) can0 18EBFF00#FB5ECF84FBE294B2
(1712345678.309600) can0 18FEF100#18CCE97419E34B80
(1712345678.310000) can0 0CFE6CEE#ED0A3269CC831A5F
(1712345678.310400) can0 18FEEE00#AEBBAFE0B046C7DC
(1712345678.310800) can0 1CFEB000#E33C254A12C045DD
(1712345678.311200) can0 18FF0102#1361E0BD96931A64
(1712345678.311600) can0 18FEF200#39F22B90B63ABE73
(1712345678.312000) can0 18FF0102#B372CF4F2BE78643
(1712345678.312400) can0 0CF00300#E052F8CDBF617CF8
(1712345678.312800) can0 18FF0102#01871F0880834A44
(1712345678.313200) can0 18EBFF00#D6822FCD5CB8E656
(1712345678.313600) can0 18FEF100#3D9D2FEBDC143597
(1712345678.314000) can0 18FEF200#BB2E0A395C45B395
(1712345678.314400) can0 18FF0102#E84C2913F8BB42E9
(1712345678.314800) can0 18EBFF00#ADFD6053C559DC1F
(1712345678.315200) can0 1CFEB000#4AE1038205113D22
(1712345678.315600) can0 18EBFF00#27C04A88C24E6C9B
(1712345678.316000) can0 18ECFF00#FC0EC340DFA7962F
(1712345678.316400) can0 0CF00300#400B468430F7054C
(1712345678.316800) can0 18FEEE00#674BCFB339BC6EB3
(1712345678.317200) can0 0CF00300#E33830E71D7EE28A
(1712345678.317600) can0 18ECFF00#0241D684ED05E541
(1712345678.318000) can0 18FEF100#AA2BF9F08D2B4819
(1712345678.318400) can0 18FEEE00#553D8B2966BE990F
(1712345678.318800) can0 18EBFF00#97852BFFE7846098
(1712345678.319200) can0 1CFEB000#6149D16C62E82162
(1712345678.319600) can0 0CFE6CEE#4FD601FF51140F19
(1712345678.320000) can0 0CFE6CEE#9BBCE489BCDF92EF
(1712345678.320400) can0 18ECFF00#6CE0A11B0E1B7551
(1712345678.320800) can0 1CFEB000#67F4D34B586A79D0
(1712345678.321200) can0 18FEEE00#965802659B9D669E
(1712345678.321600) can0 18FEF100#72824876A22090EA
(1712345678.322000) can0 0CF00300#070EC4FB19B94E7D
(1712345678.322400) can0 18FEF200#7981A28589DA4338
(1712345678.322800) can0 18FF0102#D7A31C539BEF7666
(1712345678.323200) can0 18FEEE00#EFE580E69E524124
(1712345678.323600) can0 18ECFF00#A6DEA12C84CED9B7
(1712345678.324000) can0 18FEF200#575541395E7BD0FB
(1712345678.324400) can0 18FEEE00#5EEDFDD5F456F216
(1712345678.324800) can0 0CFE6CEE#E167559D49BEF30E
(1712345678.325200) can0 18FF0102#0629BAC03A118267
(1712345678.325600) can0 18ECFF00#736549D4E13397FC
(1712345678.326000) can0 0CFE6CEE#F69C2B2EADA475C1
(1712345678.326400) can0 18FEF100#8C41AC143159FF91
(1712345678.326800) can0 0CF00300#2DFC20718B0506B9
(1712345678.327200) can0 18FEF200#88CF104A2629A215
(1712345678.327600) can0 18ECFF00#9F26AB5870DEE7E8
(1712345678.328000) can0 0CF00400#3A7C3C738B544059
(1712345678.328400) can0 18EBFF00#1E9871081963A0BC
(1712345678.328800) can0 0CFE6CEE#99DE59B8B94F9FA4
(1712345678.329200) can0 18FF0102#4E7B18E4BE2678B7
(1712345678.329600) can0 18FF0102#50504D81B1015E81
(1712345678.330000) can0 0CFE6CEE#8C7046305D7EE7F1
(1712345678.330400) can0 18FF0102#5954BE7C01831F28
(1712345678.330800) can0 0CF00400#E79967584536D761
(1712345678.331200) can0 1CFEB000#D465C48A170D7FA7
(1712345678.331600) can0 18EBFF00#7E7824BE1F1B506A
(1712345678.332000) can0 0CF00400#AC442C61476839E9
(1712345678.332400) can0 18FF0102#532E0D1184F6630E
(1712345678.332800) can0 18FEF100#313A5D74E6D5198C
(1712345678.333200) can0 0CFE6CEE#1BBCFD41C61DE23D
(1712345678.333600) can0 1CFEB000#5C865D3DF9360BCD
(1712345678.334000) can0 0CF00400#1951D74DCA961E83
(1712345678.334400) can0 1CFEB000#D44C1542194A7839
(1712345678.334800) can0 18EBFF00#E475296D60FF00E0
(1712345678.335200) can0 18FEF200#7812FBBF490CD19C
(1712345678.335600) can0 18EBFF00#84DB85196EFCA6DE
(1712345678.336000) can0 1CFEB000#E7F6A3732DCDC37E
(1712345678.336400) can0 1CFEB000#58AF2042659B0F49
(1712345678.336800) can0 0CF00300#E5E85038AD0F81E4
(1712345678.337200) can0 0CFE6CEE#4FA5A77192C95720
(1712345678.337600) can0 18FEF100#DF7189DEFFFB2E27
(1712345678.338000) can0 0CF00400#7F07BEE689288341
(1712345678.338400) can0 18FEF100#A658B90B60046F10
(1712345678.338800) can0 0CF00300#620D878608FC6B08
(1712345678.339200) can0 18ECFF00#24F0F4E33648E551
(1712345678.339600) can0 18EBFF00#91250D9EB95A5E07
(1712345678.340000) can0 1CFEB000#B3454BBA231FF0B6
(1712345678.340400) can0 18FEEE00#D10027248D998FD6
(1712345678.340800) can0 1CFEB000#9159DB4794FCF5E6
(1712345678.341200) can0 18FEEE00#7B869D3F6471AF21
(1712345678.341600) can0 18FEF100#15881A436B5D6B3C
(1712345678.342000) can0 18FF0102#980043E14D196347
(1712345678.342400) can0 18FEEE00#68ED37D0763AF721
(1712345678.342800) can0 0CF00400#DE9AA33D9EA79343
(1712345678.343200) can0 0CF00300#D5FB51A7E7E06F28
(1712345678.343600) can0 18FF0102#6D09087C8A8DFDD4
(1712345678.344000) can0 18EBFF00#5E6400398A65CA32
(1712345678.344400) can0 18EBFF00#CCA6C60DD8BF76F0
(1712345678.344800) can0 18ECFF00#23551B4D008EE790
(1712345678.345200) can0 18FEF200#281AEC0A7C99322D
(1712345678.345600) can0 0CF00300#B95F3FCA9221192B
(1712345678.346000) can0 18FEF100#3EA9D56BDEB9D712
(1712345678.346400) can0 18ECFF00#00812DB3DB5452E4
(1712345678.346800) can0 18ECFF00#F6C2AE118D23F457
(1712345678.347200) can0 0CFE6CEE#BA5B3D3A43CD8B54
(1712345678.347600) can0 18FEF100#FA8590578B32BE48
(1712345678.348000) can0 18FEF100#C5E6FB72582D7FE7
(1712345678.348400) can0 0CF00300#5A2072311A24DC0B
(1712345678.348800) can0 18FF0102#857BE9BAE31B20A4
(1712345678.349200) can0 18ECFF00#88A92028052FD71D
(1712345678.349600) can0 18ECFF00#A66A864EDC74D61B
(1712345678.350000) can0 18ECFF00#F8CCCED9B904CD4C
(1712345678.350400) can0 0CF00300#7966098FE9F1DDE3
(1712345678.350800) can0 18FEF200#0880639356F3F6EE
(1712345678.351200) can0 18EBFF00#467DC0FBAE0F3A06
(1712345678.351600) can0 0CF00400#C9C8039321F997FF
(1712345678.352000) can0 0CF00400#A6476E399C20E8AE
(1712345678.352400) can0 1CFEB000#B6F5CFBC154EB8D5
(1712345678.352800) can0 18ECFF00#3C0B1945614033BB
(1712345678.353200) can0 18ECFF00#A9EF78187A5CD4ED
(1712345678.353600) can0 18FEF100#018896785D16CD6B
(1712345678.354000) can0 0CF00300#7284CFA66FB4504A
(1712345678.354400) can0 0CFE6CEE#2C60362A14605A29
(1712345678.354800) can0 18EBFF00#283EE105DB06346E
(1712345678.355200) can0 18EBFF00#C6AC7C36E06A12B3
(1712345678.355600) can0 1CFEB000#F9F430234424B0AB
(1712345678.356000) can0 18FEEE00#7D9A8945B9FBAE03
(1712345678.356400) can0 1CFEB000#C8F09307743A1E50
(1712345678.356800) can0 18FEF200#EF6C03A5F46BA15C
(1712345678.357200) can0 18FF0102#AB55929C10DB6C2E
(1712345678.357600) can0 0CF00300#05B89956EA6753B7
(1712345678.358000) can0 18FEF100#D86A87B297C5E541
(1712345678.358400) can0 0CFE6CEE#655ED308B8FB879F
(1712345678.358800) can0 18EBFF00#2EEFA31F523CE338
(1712345678.359200) can0 18EBFF00#37C8156A313532C0
(1712345678.359600) can0 18EBFF00#D3983AF1B617EFD5
(1712345678.360000) can0 18ECFF00#6833C9A9254B8190
(1712345678.360400) can0 0CF00400#CAD13496BDEBCB7D
(1712345678.360800) can0 1CFEB000#AF86500257415825
(1712345678.361200) can0 18FF0102#B81DA807B77D924C
(1712345678.361600) can0 1CFEB000#B30DB003BFB31826
(1712345678.362000) can0 1CFEB000#D17BF0270498D1F6
(1712345678.362400) can0 0CF00300#F3851AA1B6109A40
(1712345678.362800) can0 18FEF100#F54A23C59C6E3AA8
(1712345678.363200) can0 18FEEE00#E8A45A1F98DDA9F4
(1712345678.363600) can0 0CFE6CEE#68D4E36F21583727
(1712345678.364000) can0 0CFE6CEE#67CCECF100A66AC9
(1712345678.364400) can0 18FEF200#93DB4B43756CAC3E
(1712345678.364800) can0 18FEEE00#F0450B7F441D927B
(1712345678.365200) can0 18FF0102#59E0D61166BF71E7
(1712345678.365600) can0 1CFEB000#3D16173CCFBF4836
(1712345678.366000) can0 0CFE6CEE#5B3D3FBFE9DF24D9
(1712345678.366400) can0 18FEF100#78414E6ECBD3FF6C
(1712345678.366800) can0 0CFE6CEE#1FA0F7DD5D897110
(1712345678.367200) can0 18FEF100#306A05A0E29F06B3
(1712345678.367600) can0 18ECFF00#D0EC3B4BE7BE254C
(1712345678.368000) can0 18FEF200#09ABBE91D406C06D
(1712345678.368400) can0 1CFEB000#818A5405FDB23260
(1712345678.368800) can0 18FEF200#DCE616F7E124F40D
(1712345678.369200) can0 0CF00300#9CA2F97A5B73EAC0
(1712345678.369600) can0 18ECFF00#347D77A4E23FA49E
(1712345678.370000) can0 18ECFF00#336D38FE9E825547
(1712345678.370400) can0 0CF00400#BB5C5434FCFC0CCA
(1712345678.370800) can0 18FEF100#8995A81174ADBB89
(1712345678.371200) can0 18FF0102#3D3869DA3DBBD299
(1712345678.371600) can0 18FEEE00#A13D159A75DE4A84
(1712345678.372000) can0 0CF00400#5BD52563D0FECDE6
(1712345678.372400) can0 0CF00400#41B0DF5A737DB4C9
(1712345678.372800) can0 18ECFF00#FEC6DB986B3EEA04
(1712345678.373200) can0 18FEF200#29165F1093AE9A90
(1712345678.373600) can0 18FF0102#BE9CBDBC9487CAE5
(1712345678.374000) can0 18FEEE00#45DD70BB8E5A90F6
(1712345678.374400) can0 18FEF100#95E30815875246A5
(1712345678.374800) can0 18ECFF00#F1083319C0EDDFAE
(1712345678.375200) can0 18ECFF00#205226B8ACB0332C
(1712345678.375600) can0 1CFEB000#B612A7A1C22E4DB1
(1712345678.376000) can0 1CFEB000#2056E2F6E866BF5B
(1712345678.376400) can0 18FEF100#25D372E1513E573B
(1712345678.376800) can0 0CF00300#F192D425DBF3C8EF
(1712345678.377200) can0 0CFE6CEE#4B859DF8E0622AE1
(1712345678.377600) can0 0CFE6CEE#D5F80BB43717BFCE
(1712345678.378000) can0 18FEF200#5348EC7AC526327E
(1712345678.378400) can0 0CF00300#7B74E7498E20070A
(1712345678.378800) can0 18EBFF00#29C064E973BB3172
(1712345678.379200) can0 0CFE6CEE#41AE907AD5E0DD67
(1712345678.379600) can0 0CFE6CEE#5FB9ECA653E99DF2
(1712345678.380000) can0 18ECFF00#325D7FF0E0B0CCCC
(1712345678.380400) can0 18FEF200#895E92255CF94C53
(1712345678.380800) can0 18FEF100#661BEF6A84359774
(1712345678.381200) can0 18EBFF00#A4787C497BAD80F3
(1712345678.381600) can0 18FEEE00#87E47996B746B6FE
(1712345678.382000) can0 18FF0102#3F3CB5A99691CF66
(1712345678.382400) can0 18FEF100#75AF84366CD7A2E7
(1712345678.382800) can0 18FEEE00#E0DDB0A1B8747B60
(1712345678.383200) can0 18FF0102#46E7B24DAD8BA5F7
(1712345678.383600) can0 1CFEB000#5CCBBA8B68ECAFEC
(1712345678.384000) can0 18ECFF00#A5A79CBAD9852D8F
(1712345678.384400) can0 0CF00300#0D57B6994C89C63C
(1712345678.384800) can0 0CF00400#D1940D35B7FB724A
(1712345678.385200) can0 18ECFF00#1B05B2578C81D08B
(1712345678.385600) can0 18ECFF00#BAC426746E8EC08F
(1712345678.386000) can0 18FEEE00#BBBB7AB483B90AEA
(1712345678.386400) can0 18EBFF00#36F81C032CD845B2
(1712345678.386800) can0 0CF00400#E83F5FF148132905
(1712345678.387200) can0 18FF0102#3C2494F0722F02FD
(1712345678.387600) can0 18FEF100#56470C6E6F5312FC
(1712345678.388000) can0 18EBFF00#09A0A00E11C7B0D6
(1712345678.388400) can0 0CF00400#6B906714C28CE847
(1712345678.388800) can0 0CF00400#A8A1CE5D81797BFB
(1712345678.389200) can0 0CFE6CEE#87512EB2D11FE211
(1712345678.389600) can0 18FEF100#08434A0C826A84F7
(1712345678.390000) can0 0CF00300#AF0781B26E6FE27F
(1712345678.390400) can0 18FEF100#33FDAA2EAA8A51CB
(1712345678.390800) can0 18FEF100#19B676DC9675C644
(1712345678.391200) can0 18FEEE00#5FE4D4F30A8157AA
(1712345678.391600) can0 0CF00300#004D81B6F550B100
(1712345678.392000) can0 18FEEE00#E6D1A2AFE22F7DC5
(1712345678.392400) can0 0CF00400#E71B1EC285ACC19B
(1712345678.392800) can0 0CF00300#1492BEE9C87097E9
(1712345678.393200) can0 0CFE6CEE#AA64749774E66F65
(1712345678.393600) can0 18ECFF00#64597B7CA465F0C8
(1712345678.394000) can0 18FEF100#155CC2B51A7E6337
(1712345678.394400) can0 18FEF200#C764B678D4CD2337
(1712345678.394800) can0 18FEF200#9A4B08863F746E50
(1712345678.395200) can0 18ECFF00#97FF3568972518FB
(1712345678.395600) can0 0CFE6CEE#FC557D07DC825CE9
(1712345678.396000) can0 18FEF100#93732AE074D9553D
(1712345678.396400) can0 18EBFF00#A9067043E166D433
(1712345678.396800) can0 0CFE6CEE#A8E565DA18E829CF
(1712345678.397200) can0 18ECFF00#2B365C7C0FAC2C8C
(1712345678.397600) can0 0CF00300#7C8FBAB8513AD561
(1712345678.398000) can0 18FEF200#DAEE67F34F255AA3
(1712345678.398400) can0 18FEF200#FDF82BD4621AB9AF
(1712345678.398800) can0 18FF0102#7F3FFB059CA9493B
(1712345678.399200) can0 18FEEE00#02435AD9C4C94BFB
(1712345678.399600) can0 0CFE6CEE#201DFEAA23E55B91
